[2026-02-19T17:59:21.497+0000] {taskinstance.py:1159} INFO - Dependencies all met for dep_context=non-requeueable deps ti=<TaskInstance: weather_etl_v1.extract_transform_load scheduled__2026-02-19T16:00:00+00:00 [queued]>
[2026-02-19T17:59:21.516+0000] {taskinstance.py:1159} INFO - Dependencies all met for dep_context=requeueable deps ti=<TaskInstance: weather_etl_v1.extract_transform_load scheduled__2026-02-19T16:00:00+00:00 [queued]>
[2026-02-19T17:59:21.517+0000] {taskinstance.py:1361} INFO - Starting attempt 1 of 2
[2026-02-19T17:59:21.535+0000] {taskinstance.py:1382} INFO - Executing <Task(PythonOperator): extract_transform_load> on 2026-02-19 16:00:00+00:00
[2026-02-19T17:59:21.545+0000] {standard_task_runner.py:57} INFO - Started process 385 to run task
[2026-02-19T17:59:21.549+0000] {standard_task_runner.py:84} INFO - Running: ['***', 'tasks', 'run', 'weather_etl_v1', 'extract_transform_load', 'scheduled__2026-02-19T16:00:00+00:00', '--job-id', '5', '--raw', '--subdir', 'DAGS_FOLDER/weather_dag.py', '--cfg-path', '/tmp/tmp7565cqdb']
[2026-02-19T17:59:21.554+0000] {standard_task_runner.py:85} INFO - Job 5: Subtask extract_transform_load
[2026-02-19T17:59:21.657+0000] {task_command.py:416} INFO - Running <TaskInstance: weather_etl_v1.extract_transform_load scheduled__2026-02-19T16:00:00+00:00 [running]> on host 6494f4ce370c
[2026-02-19T17:59:21.806+0000] {taskinstance.py:1662} INFO - Exporting env vars: AIRFLOW_CTX_DAG_OWNER='data_engineer' AIRFLOW_CTX_DAG_ID='weather_etl_v1' AIRFLOW_CTX_TASK_ID='extract_transform_load' AIRFLOW_CTX_EXECUTION_DATE='2026-02-19T16:00:00+00:00' AIRFLOW_CTX_TRY_NUMBER='1' AIRFLOW_CTX_DAG_RUN_ID='scheduled__2026-02-19T16:00:00+00:00'
[2026-02-19T17:59:22.362+0000] {taskinstance.py:1937} ERROR - Task failed with exception
Traceback (most recent call last):
  File "/home/airflow/.local/lib/python3.8/site-packages/airflow/operators/python.py", line 192, in execute
    return_value = self.execute_callable()
  File "/home/airflow/.local/lib/python3.8/site-packages/airflow/operators/python.py", line 209, in execute_callable
    return self.python_callable(*self.op_args, **self.op_kwargs)
  File "/opt/airflow/dags/weather_dag.py", line 18, in extract_transform_weather
    response.raise_for_status()
  File "/home/airflow/.local/lib/python3.8/site-packages/requests/models.py", line 1021, in raise_for_status
    raise HTTPError(http_error_msg, response=self)
requests.exceptions.HTTPError: 401 Client Error:  for url: https://weather.visualcrossing.com/VisualCrossingWebServices/rest/services/timeline/London?unitGroup=metric&key=f4f36720683e4f7c92694852261902&contentType=json
[2026-02-19T17:59:22.417+0000] {taskinstance.py:1400} INFO - Marking task as UP_FOR_RETRY. dag_id=weather_etl_v1, task_id=extract_transform_load, execution_date=20260219T160000, start_date=20260219T175921, end_date=20260219T175922
[2026-02-19T17:59:22.503+0000] {standard_task_runner.py:104} ERROR - Failed to execute job 5 for task extract_transform_load (401 Client Error:  for url: https://weather.visualcrossing.com/VisualCrossingWebServices/rest/services/timeline/London?unitGroup=metric&key=f4f36720683e4f7c92694852261902&contentType=json; 385)
[2026-02-19T17:59:22.582+0000] {local_task_job_runner.py:228} INFO - Task exited with return code 1
[2026-02-19T17:59:22.661+0000] {taskinstance.py:2778} INFO - 0 downstream tasks scheduled from follow-on schedule check
