[2026-02-19T12:56:02.472+0000] {taskinstance.py:1159} INFO - Dependencies all met for dep_context=non-requeueable deps ti=<TaskInstance: weather_etl_v1.extract_transform_load manual__2026-02-19T12:55:59.958231+00:00 [queued]>
[2026-02-19T12:56:02.487+0000] {taskinstance.py:1159} INFO - Dependencies all met for dep_context=requeueable deps ti=<TaskInstance: weather_etl_v1.extract_transform_load manual__2026-02-19T12:55:59.958231+00:00 [queued]>
[2026-02-19T12:56:02.488+0000] {taskinstance.py:1361} INFO - Starting attempt 1 of 2
[2026-02-19T12:56:02.533+0000] {taskinstance.py:1382} INFO - Executing <Task(PythonOperator): extract_transform_load> on 2026-02-19 12:55:59.958231+00:00
[2026-02-19T12:56:02.546+0000] {standard_task_runner.py:57} INFO - Started process 294 to run task
[2026-02-19T12:56:02.562+0000] {standard_task_runner.py:84} INFO - Running: ['***', 'tasks', 'run', 'weather_etl_v1', 'extract_transform_load', 'manual__2026-02-19T12:55:59.958231+00:00', '--job-id', '3', '--raw', '--subdir', 'DAGS_FOLDER/weather_dag.py', '--cfg-path', '/tmp/tmp8a1ammyi']
[2026-02-19T12:56:02.568+0000] {standard_task_runner.py:85} INFO - Job 3: Subtask extract_transform_load
[2026-02-19T12:56:02.615+0000] {logging_mixin.py:154} WARNING - /home/***/.local/lib/python3.8/site-packages/***/settings.py:195 DeprecationWarning: The sql_alchemy_conn option in [core] has been moved to the sql_alchemy_conn option in [database] - the old setting has been used, but please update your config.
[2026-02-19T12:56:02.697+0000] {task_command.py:416} INFO - Running <TaskInstance: weather_etl_v1.extract_transform_load manual__2026-02-19T12:55:59.958231+00:00 [running]> on host caabc291ec5f
[2026-02-19T12:56:02.912+0000] {taskinstance.py:1662} INFO - Exporting env vars: AIRFLOW_CTX_DAG_OWNER='data_engineer' AIRFLOW_CTX_DAG_ID='weather_etl_v1' AIRFLOW_CTX_TASK_ID='extract_transform_load' AIRFLOW_CTX_EXECUTION_DATE='2026-02-19T12:55:59.958231+00:00' AIRFLOW_CTX_TRY_NUMBER='1' AIRFLOW_CTX_DAG_RUN_ID='manual__2026-02-19T12:55:59.958231+00:00'
[2026-02-19T12:56:03.455+0000] {taskinstance.py:1937} ERROR - Task failed with exception
Traceback (most recent call last):
  File "/home/airflow/.local/lib/python3.8/site-packages/airflow/operators/python.py", line 192, in execute
    return_value = self.execute_callable()
  File "/home/airflow/.local/lib/python3.8/site-packages/airflow/operators/python.py", line 209, in execute_callable
    return self.python_callable(*self.op_args, **self.op_kwargs)
  File "/opt/airflow/dags/weather_dag.py", line 20, in extract_transform_weather
    response.raise_for_status() # Best practice: Error handling
  File "/home/airflow/.local/lib/python3.8/site-packages/requests/models.py", line 1021, in raise_for_status
    raise HTTPError(http_error_msg, response=self)
requests.exceptions.HTTPError: 401 Client Error:  for url: https://weather.visualcrossing.com/VisualCrossingWebServices/rest/services/timeline/London?unitGroup=metric&key=f4f36720683e4f7c92694852261902&contentType=json
[2026-02-19T12:56:03.490+0000] {taskinstance.py:1400} INFO - Marking task as UP_FOR_RETRY. dag_id=weather_etl_v1, task_id=extract_transform_load, execution_date=20260219T125559, start_date=20260219T125602, end_date=20260219T125603
[2026-02-19T12:56:03.515+0000] {standard_task_runner.py:104} ERROR - Failed to execute job 3 for task extract_transform_load (401 Client Error:  for url: https://weather.visualcrossing.com/VisualCrossingWebServices/rest/services/timeline/London?unitGroup=metric&key=f4f36720683e4f7c92694852261902&contentType=json; 294)
[2026-02-19T12:56:03.574+0000] {local_task_job_runner.py:228} INFO - Task exited with return code 1
[2026-02-19T12:56:03.599+0000] {taskinstance.py:2778} INFO - 0 downstream tasks scheduled from follow-on schedule check
