[2026-02-19T11:43:27.160+0000] {manager.py:487} INFO - Processing files using up to 2 processes at a time 
[2026-02-19T11:43:27.163+0000] {manager.py:488} INFO - Process each file at most once every 30 seconds
[2026-02-19T11:43:27.164+0000] {manager.py:489} INFO - Checking for new files in /opt/airflow/dags every 300 seconds
[2026-02-19T11:43:27.165+0000] {manager.py:755} INFO - Searching for files in /opt/airflow/dags
[2026-02-19T11:43:27.195+0000] {manager.py:758} INFO - There are 1 files in /opt/airflow/dags
[2026-02-19T11:43:28.402+0000] {manager.py:887} INFO - 
================================================================================
DAG File Processing Stats

File Path                           PID  Runtime      # DAGs    # Errors  Last Runtime    Last Run
--------------------------------  -----  ---------  --------  ----------  --------------  ----------
/opt/airflow/dags/weather_dag.py    163  0.26s             0           0
================================================================================
[2026-02-19T11:44:01.755+0000] {manager.py:887} INFO - 
================================================================================
DAG File Processing Stats

File Path                         PID    Runtime      # DAGs    # Errors  Last Runtime    Last Run
--------------------------------  -----  ---------  --------  ----------  --------------  -------------------
/opt/airflow/dags/weather_dag.py                           1           0  8.38s           2026-02-19T11:43:36
================================================================================
[2026-02-19T11:44:35.654+0000] {manager.py:887} INFO - 
================================================================================
DAG File Processing Stats

File Path                         PID    Runtime      # DAGs    # Errors  Last Runtime    Last Run
--------------------------------  -----  ---------  --------  ----------  --------------  -------------------
/opt/airflow/dags/weather_dag.py                           1           0  1.12s           2026-02-19T11:44:07
================================================================================
[2026-02-19T11:45:09.455+0000] {manager.py:887} INFO - 
================================================================================
DAG File Processing Stats

File Path                         PID    Runtime      # DAGs    # Errors  Last Runtime    Last Run
--------------------------------  -----  ---------  --------  ----------  --------------  -------------------
/opt/airflow/dags/weather_dag.py                           1           0  11.20s          2026-02-19T11:44:50
================================================================================
[2026-02-19T11:45:43.063+0000] {manager.py:887} INFO - 
================================================================================
DAG File Processing Stats

File Path                         PID    Runtime      # DAGs    # Errors  Last Runtime    Last Run
--------------------------------  -----  ---------  --------  ----------  --------------  -------------------
/opt/airflow/dags/weather_dag.py                           1           0  2.18s           2026-02-19T11:45:24
================================================================================
[2026-02-19T11:46:16.708+0000] {manager.py:887} INFO - 
================================================================================
DAG File Processing Stats

File Path                         PID    Runtime      # DAGs    # Errors  Last Runtime    Last Run
--------------------------------  -----  ---------  --------  ----------  --------------  -------------------
/opt/airflow/dags/weather_dag.py                           1           0  18.20s          2026-02-19T11:46:12
================================================================================
[2026-02-19T11:46:50.840+0000] {manager.py:887} INFO - 
================================================================================
DAG File Processing Stats

File Path                           PID  Runtime      # DAGs    # Errors  Last Runtime    Last Run
--------------------------------  -----  ---------  --------  ----------  --------------  -------------------
/opt/airflow/dags/weather_dag.py    193  8.07s             1           0  18.20s          2026-02-19T11:46:12
================================================================================
[2026-02-19T11:47:24.465+0000] {manager.py:887} INFO - 
================================================================================
DAG File Processing Stats

File Path                         PID    Runtime      # DAGs    # Errors  Last Runtime    Last Run
--------------------------------  -----  ---------  --------  ----------  --------------  -------------------
/opt/airflow/dags/weather_dag.py                           1           0  1.30s           2026-02-19T11:47:22
================================================================================
[2026-02-19T11:47:58.049+0000] {manager.py:887} INFO - 
================================================================================
DAG File Processing Stats

File Path                         PID    Runtime      # DAGs    # Errors  Last Runtime    Last Run
--------------------------------  -----  ---------  --------  ----------  --------------  -------------------
/opt/airflow/dags/weather_dag.py                           1           0  3.16s           2026-02-19T11:47:56
================================================================================
[2026-02-19T11:48:27.570+0000] {manager.py:755} INFO - Searching for files in /opt/airflow/dags
[2026-02-19T11:48:27.616+0000] {manager.py:758} INFO - There are 1 files in /opt/airflow/dags
[2026-02-19T11:48:31.714+0000] {manager.py:887} INFO - 
================================================================================
DAG File Processing Stats

File Path                         PID    Runtime      # DAGs    # Errors  Last Runtime    Last Run
--------------------------------  -----  ---------  --------  ----------  --------------  -------------------
/opt/airflow/dags/weather_dag.py                           1           0  0.90s           2026-02-19T11:48:27
================================================================================
[2026-02-19T11:49:05.381+0000] {manager.py:887} INFO - 
================================================================================
DAG File Processing Stats

File Path                         PID    Runtime      # DAGs    # Errors  Last Runtime    Last Run
--------------------------------  -----  ---------  --------  ----------  --------------  -------------------
/opt/airflow/dags/weather_dag.py                           1           0  0.99s           2026-02-19T11:48:59
================================================================================
[2026-02-19T11:49:43.311+0000] {manager.py:887} INFO - 
================================================================================
DAG File Processing Stats

File Path                         PID    Runtime      # DAGs    # Errors  Last Runtime    Last Run
--------------------------------  -----  ---------  --------  ----------  --------------  -------------------
/opt/airflow/dags/weather_dag.py                           1           0  1.03s           2026-02-19T11:49:31
================================================================================
[2026-02-19T11:50:17.088+0000] {manager.py:887} INFO - 
================================================================================
DAG File Processing Stats

File Path                         PID    Runtime      # DAGs    # Errors  Last Runtime    Last Run
--------------------------------  -----  ---------  --------  ----------  --------------  -------------------
/opt/airflow/dags/weather_dag.py                           1           0  1.10s           2026-02-19T11:50:03
================================================================================
[2026-02-19T11:51:01.250+0000] {manager.py:887} INFO - 
================================================================================
DAG File Processing Stats

File Path                         PID    Runtime      # DAGs    # Errors  Last Runtime    Last Run
--------------------------------  -----  ---------  --------  ----------  --------------  -------------------
/opt/airflow/dags/weather_dag.py                           1           0  7.23s           2026-02-19T11:50:40
================================================================================
[2026-02-19T11:51:31.984+0000] {manager.py:887} INFO - 
================================================================================
DAG File Processing Stats

File Path                         PID    Runtime      # DAGs    # Errors  Last Runtime    Last Run
--------------------------------  -----  ---------  --------  ----------  --------------  -------------------
/opt/airflow/dags/weather_dag.py                           1           0  3.62s           2026-02-19T11:51:15
================================================================================
[2026-02-19T11:52:16.778+0000] {manager.py:887} INFO - 
================================================================================
DAG File Processing Stats

File Path                         PID    Runtime      # DAGs    # Errors  Last Runtime    Last Run
--------------------------------  -----  ---------  --------  ----------  --------------  -------------------
/opt/airflow/dags/weather_dag.py                           1           0  13.92s          2026-02-19T11:51:59
================================================================================
[2026-02-19T11:52:55.378+0000] {manager.py:887} INFO - 
================================================================================
DAG File Processing Stats

File Path                         PID    Runtime      # DAGs    # Errors  Last Runtime    Last Run
--------------------------------  -----  ---------  --------  ----------  --------------  -------------------
/opt/airflow/dags/weather_dag.py                           1           0  14.43s          2026-02-19T11:52:44
================================================================================
[2026-02-19T11:53:28.853+0000] {manager.py:755} INFO - Searching for files in /opt/airflow/dags
[2026-02-19T11:53:28.918+0000] {manager.py:758} INFO - There are 1 files in /opt/airflow/dags
[2026-02-19T11:53:28.938+0000] {manager.py:887} INFO - 
================================================================================
DAG File Processing Stats

File Path                         PID    Runtime      # DAGs    # Errors  Last Runtime    Last Run
--------------------------------  -----  ---------  --------  ----------  --------------  -------------------
/opt/airflow/dags/weather_dag.py                           1           0  0.85s           2026-02-19T11:53:15
================================================================================
[2026-02-19T11:54:02.573+0000] {manager.py:887} INFO - 
================================================================================
DAG File Processing Stats

File Path                         PID    Runtime      # DAGs    # Errors  Last Runtime    Last Run
--------------------------------  -----  ---------  --------  ----------  --------------  -------------------
/opt/airflow/dags/weather_dag.py                           1           0  0.91s           2026-02-19T11:53:46
================================================================================
[2026-02-19T11:54:36.175+0000] {manager.py:887} INFO - 
================================================================================
DAG File Processing Stats

File Path                         PID    Runtime      # DAGs    # Errors  Last Runtime    Last Run
--------------------------------  -----  ---------  --------  ----------  --------------  -------------------
/opt/airflow/dags/weather_dag.py                           1           0  0.96s           2026-02-19T11:54:17
================================================================================
[2026-02-19T11:55:04.936+0000] {manager.py:887} INFO - 
================================================================================
DAG File Processing Stats

File Path                         PID    Runtime      # DAGs    # Errors  Last Runtime    Last Run
--------------------------------  -----  ---------  --------  ----------  --------------  -------------------
/opt/airflow/dags/weather_dag.py                           1           0  0.81s           2026-02-19T11:54:49
================================================================================
[2026-02-19T11:55:43.305+0000] {manager.py:887} INFO - 
================================================================================
DAG File Processing Stats

File Path                         PID    Runtime      # DAGs    # Errors  Last Runtime    Last Run
--------------------------------  -----  ---------  --------  ----------  --------------  -------------------
/opt/airflow/dags/weather_dag.py                           1           0  0.96s           2026-02-19T11:55:26
================================================================================
[2026-02-19T11:56:16.858+0000] {manager.py:887} INFO - 
================================================================================
DAG File Processing Stats

File Path                         PID    Runtime      # DAGs    # Errors  Last Runtime    Last Run
--------------------------------  -----  ---------  --------  ----------  --------------  -------------------
/opt/airflow/dags/weather_dag.py                           1           0  0.89s           2026-02-19T11:55:58
================================================================================
[2026-02-19T11:56:50.320+0000] {manager.py:887} INFO - 
================================================================================
DAG File Processing Stats

File Path                         PID    Runtime      # DAGs    # Errors  Last Runtime    Last Run
--------------------------------  -----  ---------  --------  ----------  --------------  -------------------
/opt/airflow/dags/weather_dag.py                           1           0  0.83s           2026-02-19T11:56:29
================================================================================
[2026-02-19T11:57:23.957+0000] {manager.py:887} INFO - 
================================================================================
DAG File Processing Stats

File Path                         PID    Runtime      # DAGs    # Errors  Last Runtime    Last Run
--------------------------------  -----  ---------  --------  ----------  --------------  -------------------
/opt/airflow/dags/weather_dag.py                           1           0  0.88s           2026-02-19T11:57:00
================================================================================
[2026-02-19T11:57:58.060+0000] {manager.py:887} INFO - 
================================================================================
DAG File Processing Stats

File Path                         PID    Runtime      # DAGs    # Errors  Last Runtime    Last Run
--------------------------------  -----  ---------  --------  ----------  --------------  -------------------
/opt/airflow/dags/weather_dag.py                           1           0  1.54s           2026-02-19T11:57:32
================================================================================
[2026-02-19T11:58:29.375+0000] {manager.py:755} INFO - Searching for files in /opt/airflow/dags
[2026-02-19T11:58:29.435+0000] {manager.py:758} INFO - There are 1 files in /opt/airflow/dags
[2026-02-19T11:58:31.465+0000] {manager.py:887} INFO - 
================================================================================
DAG File Processing Stats

File Path                         PID    Runtime      # DAGs    # Errors  Last Runtime    Last Run
--------------------------------  -----  ---------  --------  ----------  --------------  -------------------
/opt/airflow/dags/weather_dag.py                           1           0  1.62s           2026-02-19T11:58:04
================================================================================
[2026-02-19T11:59:05.133+0000] {manager.py:887} INFO - 
================================================================================
DAG File Processing Stats

File Path                         PID    Runtime      # DAGs    # Errors  Last Runtime    Last Run
--------------------------------  -----  ---------  --------  ----------  --------------  -------------------
/opt/airflow/dags/weather_dag.py                           1           0  0.86s           2026-02-19T11:58:35
================================================================================
[2026-02-19T11:59:38.652+0000] {manager.py:887} INFO - 
================================================================================
DAG File Processing Stats

File Path                         PID    Runtime      # DAGs    # Errors  Last Runtime    Last Run
--------------------------------  -----  ---------  --------  ----------  --------------  -------------------
/opt/airflow/dags/weather_dag.py                           1           0  0.97s           2026-02-19T11:59:38
================================================================================
[2026-02-19T12:00:12.621+0000] {manager.py:887} INFO - 
================================================================================
DAG File Processing Stats

File Path                         PID    Runtime      # DAGs    # Errors  Last Runtime    Last Run
--------------------------------  -----  ---------  --------  ----------  --------------  -------------------
/opt/airflow/dags/weather_dag.py                           1           0  1.34s           2026-02-19T12:00:10
================================================================================
[2026-02-19T12:00:46.155+0000] {manager.py:887} INFO - 
================================================================================
DAG File Processing Stats

File Path                         PID    Runtime      # DAGs    # Errors  Last Runtime    Last Run
--------------------------------  -----  ---------  --------  ----------  --------------  -------------------
/opt/airflow/dags/weather_dag.py                           1           0  1.71s           2026-02-19T12:00:44
================================================================================
[2026-02-19T12:01:19.757+0000] {manager.py:887} INFO - 
================================================================================
DAG File Processing Stats

File Path                         PID    Runtime      # DAGs    # Errors  Last Runtime    Last Run
--------------------------------  -----  ---------  --------  ----------  --------------  -------------------
/opt/airflow/dags/weather_dag.py                           1           0  0.95s           2026-02-19T12:01:16
================================================================================
[2026-02-19T12:01:53.857+0000] {manager.py:887} INFO - 
================================================================================
DAG File Processing Stats

File Path                         PID    Runtime      # DAGs    # Errors  Last Runtime    Last Run
--------------------------------  -----  ---------  --------  ----------  --------------  -------------------
/opt/airflow/dags/weather_dag.py                           1           0  1.19s           2026-02-19T12:01:49
================================================================================
[2026-02-19T12:02:27.759+0000] {manager.py:887} INFO - 
================================================================================
DAG File Processing Stats

File Path                         PID    Runtime      # DAGs    # Errors  Last Runtime    Last Run
--------------------------------  -----  ---------  --------  ----------  --------------  -------------------
/opt/airflow/dags/weather_dag.py                           1           0  1.54s           2026-02-19T12:02:24
================================================================================
[2026-02-19T12:03:01.381+0000] {manager.py:887} INFO - 
================================================================================
DAG File Processing Stats

File Path                         PID    Runtime      # DAGs    # Errors  Last Runtime    Last Run
--------------------------------  -----  ---------  --------  ----------  --------------  -------------------
/opt/airflow/dags/weather_dag.py                           1           0  1.00s           2026-02-19T12:02:56
================================================================================
[2026-02-19T12:03:29.456+0000] {manager.py:755} INFO - Searching for files in /opt/airflow/dags
[2026-02-19T12:03:29.569+0000] {manager.py:758} INFO - There are 1 files in /opt/airflow/dags
[2026-02-19T12:03:35.178+0000] {manager.py:887} INFO - 
================================================================================
DAG File Processing Stats

File Path                         PID    Runtime      # DAGs    # Errors  Last Runtime    Last Run
--------------------------------  -----  ---------  --------  ----------  --------------  -------------------
/opt/airflow/dags/weather_dag.py                           1           0  1.02s           2026-02-19T12:03:30
================================================================================
[2026-02-19T12:04:08.966+0000] {manager.py:887} INFO - 
================================================================================
DAG File Processing Stats

File Path                         PID    Runtime      # DAGs    # Errors  Last Runtime    Last Run
--------------------------------  -----  ---------  --------  ----------  --------------  -------------------
/opt/airflow/dags/weather_dag.py                           1           0  2.12s           2026-02-19T12:04:04
================================================================================
[2026-02-19T12:04:42.470+0000] {manager.py:887} INFO - 
================================================================================
DAG File Processing Stats

File Path                         PID    Runtime      # DAGs    # Errors  Last Runtime    Last Run
--------------------------------  -----  ---------  --------  ----------  --------------  -------------------
/opt/airflow/dags/weather_dag.py                           1           0  0.84s           2026-02-19T12:04:36
================================================================================
[2026-02-19T12:05:16.132+0000] {manager.py:887} INFO - 
================================================================================
DAG File Processing Stats

File Path                         PID    Runtime      # DAGs    # Errors  Last Runtime    Last Run
--------------------------------  -----  ---------  --------  ----------  --------------  -------------------
/opt/airflow/dags/weather_dag.py                           1           0  1.09s           2026-02-19T12:05:10
================================================================================
[2026-02-19T12:05:49.894+0000] {manager.py:887} INFO - 
================================================================================
DAG File Processing Stats

File Path                         PID    Runtime      # DAGs    # Errors  Last Runtime    Last Run
--------------------------------  -----  ---------  --------  ----------  --------------  -------------------
/opt/airflow/dags/weather_dag.py                           1           0  1.42s           2026-02-19T12:05:44
================================================================================
[2026-02-19T12:06:23.564+0000] {manager.py:887} INFO - 
================================================================================
DAG File Processing Stats

File Path                         PID    Runtime      # DAGs    # Errors  Last Runtime    Last Run
--------------------------------  -----  ---------  --------  ----------  --------------  -------------------
/opt/airflow/dags/weather_dag.py                           1           0  0.90s           2026-02-19T12:06:16
================================================================================
[2026-02-19T12:06:52.679+0000] {manager.py:887} INFO - 
================================================================================
DAG File Processing Stats

File Path                         PID    Runtime      # DAGs    # Errors  Last Runtime    Last Run
--------------------------------  -----  ---------  --------  ----------  --------------  -------------------
/opt/airflow/dags/weather_dag.py                           1           0  1.33s           2026-02-19T12:06:48
================================================================================
[2026-02-19T12:07:30.852+0000] {manager.py:887} INFO - 
================================================================================
DAG File Processing Stats

File Path                         PID    Runtime      # DAGs    # Errors  Last Runtime    Last Run
--------------------------------  -----  ---------  --------  ----------  --------------  -------------------
/opt/airflow/dags/weather_dag.py                           1           0  0.84s           2026-02-19T12:07:20
================================================================================
[2026-02-19T12:08:04.233+0000] {manager.py:887} INFO - 
================================================================================
DAG File Processing Stats

File Path                         PID    Runtime      # DAGs    # Errors  Last Runtime    Last Run
--------------------------------  -----  ---------  --------  ----------  --------------  -------------------
/opt/airflow/dags/weather_dag.py                           1           0  1.32s           2026-02-19T12:07:51
================================================================================
[2026-02-19T12:08:29.524+0000] {manager.py:755} INFO - Searching for files in /opt/airflow/dags
[2026-02-19T12:08:29.569+0000] {manager.py:758} INFO - There are 1 files in /opt/airflow/dags
[2026-02-19T12:08:37.665+0000] {manager.py:887} INFO - 
================================================================================
DAG File Processing Stats

File Path                         PID    Runtime      # DAGs    # Errors  Last Runtime    Last Run
--------------------------------  -----  ---------  --------  ----------  --------------  -------------------
/opt/airflow/dags/weather_dag.py                           1           0  1.06s           2026-02-19T12:08:23
================================================================================
[2026-02-19T12:09:11.367+0000] {manager.py:887} INFO - 
================================================================================
DAG File Processing Stats

File Path                         PID    Runtime      # DAGs    # Errors  Last Runtime    Last Run
--------------------------------  -----  ---------  --------  ----------  --------------  -------------------
/opt/airflow/dags/weather_dag.py                           1           0  1.13s           2026-02-19T12:08:54
================================================================================
